------------------------------------------------------------
Client connecting to 10.0.67.2, TCP port 5001
TCP window size: 85.3 KByte (default)
------------------------------------------------------------
[  1] local 10.0.12.2 port 38742 connected with 10.0.67.2 port 5001
[ ID] Interval       Transfer     Bandwidth
[  1] 0.0000-1.0000 sec  1.50 MBytes  12.6 Mbits/sec
[  1] 1.0000-2.0000 sec  1.12 MBytes  9.44 Mbits/sec
[  1] 2.0000-3.0000 sec  1.12 MBytes  9.44 Mbits/sec
[  1] 3.0000-4.0000 sec  1.12 MBytes  9.44 Mbits/sec
[  1] 4.0000-5.0000 sec  1.12 MBytes  9.44 Mbits/sec
[  1] 5.0000-6.0000 sec  1.12 MBytes  9.44 Mbits/sec
[  1] 6.0000-7.0000 sec  1.12 MBytes  9.44 Mbits/sec
[  1] 7.0000-8.0000 sec  1.38 MBytes  11.5 Mbits/sec
[  1] 8.0000-9.0000 sec  1.00 MBytes  8.39 Mbits/sec
[  1] 9.0000-10.0000 sec  1.12 MBytes  9.44 Mbits/sec
[  1] 10.0000-11.0000 sec  1.12 MBytes  9.44 Mbits/sec
[  1] 11.0000-12.0000 sec  1.12 MBytes  9.44 Mbits/sec
[  1] 12.0000-13.0000 sec  1.12 MBytes  9.44 Mbits/sec
[  1] 13.0000-14.0000 sec  1.12 MBytes  9.44 Mbits/sec
[  1] 14.0000-15.0000 sec  1.12 MBytes  9.44 Mbits/sec
[  1] 15.0000-15.3858 sec   128 KBytes  2.72 Mbits/sec
[  1] 0.0000-15.3858 sec  17.5 MBytes  9.54 Mbits/sec
